======== Warning: The option --kernels ".*fa2_forward_fp32_kernel.*" has no effect. The --kernels <kernel filter> option applies to --events, --metrics and --source-level-analysis options that follow it.
{
  "implementation": "cuda_fa2",
  "backend": "custom_cpp_cuda_fa2_baseline_fp32",
  "python": "/home/dengxiao/miniconda3/envs/nanovllm/bin/python",
  "torch": "2.6.0+cu124",
  "cuda_build": "12.4",
  "gpu": "NVIDIA GeForce GTX 1060",
  "compute_capability": [
    6,
    1
  ],
  "qkv_shape": [
    16384,
    64
  ],
  "dtype": "torch.float32",
  "causal": false,
  "warmup": 5,
  "captured_iterations": 1
}
Capture finished: one forward call. Inspect the external profiler report.
======== Warning: The option --kernels ".*fmha_cutlassF.*" has no effect. The --kernels <kernel filter> option applies to --events, --metrics and --source-level-analysis options that follow it.
{
  "implementation": "efficient",
  "backend": "pytorch_sdpa_efficient_attention",
  "python": "/home/dengxiao/miniconda3/envs/nanovllm/bin/python",
  "torch": "2.6.0+cu124",
  "cuda_build": "12.4",
  "gpu": "NVIDIA GeForce GTX 1060",
  "compute_capability": [
    6,
    1
  ],
  "qkv_shape": [
    16384,
    64
  ],
  "dtype": "torch.float32",
  "causal": false,
  "warmup": 5,
  "captured_iterations": 1
}
Capture finished: one forward call. Inspect the external profiler report.
